0 verbose cli C:\Users\Erfan\AppData\Local\hermes\node\node.exe C:\Users\Erfan\AppData\Local\hermes\node\node_modules\npm\bin\npm-cli.js
1 info using npm@12.0.2
2 info using node@v22.23.2
3 silly config load:file:C:\Users\Erfan\AppData\Local\hermes\node\node_modules\npm\npmrc
4 silly config load:file:E:\derfive\.npmrc
5 silly config load:file:C:\Users\Erfan\.npmrc
6 silly config load:file:C:\Users\Erfan\AppData\Local\hermes\node\etc\npmrc
7 verbose title npm install framer-motion@12.43.0
8 verbose argv "install" "framer-motion@12.43.0" "--no-audit" "--no-fund" "--force" "--cache" "E:\\derfive\\\\.npm-cache-fresh"
9 verbose logfile logs-max:10 dir:E:\derfive\.npm-cache-fresh\_logs\2026-09-11T19_20_42_585Z-
10 verbose logfile E:\derfive\.npm-cache-fresh\_logs\2026-09-11T19_20_42_585Z-debug-0.log
11 warn using --force Recommended protections disabled.
12 silly logfile done cleaning log files
13 silly packumentCache heap:4345298944 maxSize:1086324736 maxEntrySize:543162368
14 silly idealTree buildDeps
15 silly fetch manifest framer-motion@12.43.0
16 silly packumentCache full:https://registry.npmjs.org/framer-motion cache-miss
17 http fetch GET 200 https://registry.npmjs.org/npm 5607ms
18 http fetch GET 200 https://registry.npmjs.org/framer-motion 21040ms (cache miss)
19 silly packumentCache full:https://registry.npmjs.org/framer-motion set size:undefined disposed:false
20 silly fetch manifest @emotion/is-prop-valid@*
21 silly packumentCache full:https://registry.npmjs.org/@emotion%2fis-prop-valid cache-miss
22 http fetch GET 200 https://registry.npmjs.org/@emotion%2fis-prop-valid 598ms (cache miss)
23 silly packumentCache full:https://registry.npmjs.org/@emotion%2fis-prop-valid set size:undefined disposed:false
24 silly fetch manifest react@^19.1.0
25 silly packumentCache full:https://registry.npmjs.org/react cache-miss
26 http fetch GET 200 https://registry.npmjs.org/react 27666ms (cache miss)
27 silly packumentCache full:https://registry.npmjs.org/react set size:undefined disposed:false
28 silly fetch manifest react-dom@^19.1.0
29 silly packumentCache full:https://registry.npmjs.org/react-dom cache-miss
30 http fetch GET 200 https://registry.npmjs.org/react-dom 17527ms (cache miss)
31 silly packumentCache full:https://registry.npmjs.org/react-dom set size:undefined disposed:false
32 silly placeDep ROOT framer-motion@12.43.0 REPLACE for: derfive@1.0.0 want: 12.43.0
33 silly reify moves {}
34 http cache @next/swc-win32-x64-msvc@https://registry.npmjs.org/@next/swc-win32-x64-msvc/-/swc-win32-x64-msvc-15.3.1.tgz 0ms (cache hit)
35 silly tarball no local data for @next/swc-win32-x64-msvc@https://registry.npmjs.org/@next/swc-win32-x64-msvc/-/swc-win32-x64-msvc-15.3.1.tgz. Extracting by manifest.
36 verbose reify failed optional dependency E:\derfive\node_modules\@next\swc-win32-x64-msvc
37 silly reify mark deleted [ 'E:\\derfive\\node_modules\\@next\\swc-win32-x64-msvc' ]
38 silly ADD
39 warn install-scripts 2 packages had install scripts blocked because they are not covered by allowScripts:
39 warn install-scripts   sharp@0.34.5 (install: node install/check.js || npm run build)
39 warn install-scripts   unrs-resolver@1.12.2 (postinstall: node postinstall.js)
39 warn install-scripts
39 warn install-scripts Run `npm install-scripts ls` to review, or `npm install-scripts approve <pkg>` to allow.
40 verbose cwd E:\derfive
41 verbose os Windows_NT 10.0.26100
42 verbose node v22.23.2
43 verbose npm  v12.0.2
44 verbose exit 0
45 info ok
